
[sphrx@localhost Downloads]$ git clone https://github.com/hillel-i-python-pro-i-2024-08-12/hw5_sphrx.git
Cloning into 'hw5_sphrx'...
remote: Enumerating objects: 292, done.
remote: Counting objects: 100% (292/292), done.
remote: Compressing objects: 100% (123/123), done.
remote: Total 292 (delta 165), reused 288 (delta 162), pack-reused 0 (from 0)
Receiving objects: 100% (292/292), 86.90 KiB | 563.00 KiB/s, done.
Resolving deltas: 100% (165/165), done.
[sphrx@localhost Downloads]$ cd hw5_sphrx/
[sphrx@localhost hw5_sphrx]$ 
[sphrx@localhost hw5_sphrx]$ make init-configs
bash: make: command not found...
Install package 'make' to provide command 'make'? [N/y] y


 * Waiting in queue... 
 * Loading list of packages.... 
The following packages have to be installed:
 make-1:4.3-8.el9.x86_64	A GNU tool which simplifies the build process for users
Proceed with changes? [N/y] y


 * Waiting in queue... 
 * Waiting for authentication... 
 * Waiting in queue... 
 * Downloading packages... 
 * Requesting data... 
 * Testing changes... 
 * Installing packages... 
Configuration initialized. Directories and files created.

[sphrx@localhost hw5_sphrx]$ make init-dev
Configuration initialized. Directories and files created.
make[1]: Entering directory '/home/sphrx/Downloads/hw5_sphrx'
make[1]: poetry: No such file or directory
make[1]: *** [makefile:95: poetry-install] Error 127
make[1]: Leaving directory '/home/sphrx/Downloads/hw5_sphrx'
make: *** [makefile:40: init-dev] Error 2
[sphrx@localhost hw5_sphrx]$ make run
poetry run python main.py
make: poetry: No such file or directory
make: *** [makefile:45: run] Error 127
[sphrx@localhost hw5_sphrx]$ make docker-build
docker compose build
make: docker: No such file or directory
make: *** [makefile:71: docker-build] Error 127
